// Jest Snapshot v1, https://goo.gl/fbAQLP

exports[`snapshot of the selected option state 1`] = `
<DocumentFragment>
  <div
    class="dse-select"
  >
    <button
      aria-controls="dse-select-list"
      aria-haspopup="true"
      class="dse-select__label"
      data-testid="DseSelectButton"
    >
      <p
        class="dse-text dse-text-base"
      >
        Heavenly Green
      </p>
      <svg
        class="dse-select__caret dse-select__caret--closed"
        fill="none"
        height="1rem"
        stroke="currentColor"
        stroke-linecap="round"
        stroke-linejoin="round"
        stroke-width="2"
        viewBox="0 0 24 24"
        width="1rem"
      >
        <path
          d="M19 9l-7 7-7-7"
        />
      </svg>
    </button>
    <ul
      aria-hidden="false"
      class="dse-select__overlay "
      id="dse-select-list"
      role="menu"
      style="top: 10px;"
    >
      <li
        aria-label="Strict Black"
        class="dse-select__option
                                
                                
                            "
        role="menuitemradio"
        tabindex="0"
      >
        <p
          class="dse-text dse-text-base"
        >
          Strict Black
        </p>
      </li>
      <li
        aria-checked="true"
        aria-label="Heavenly Green"
        class="dse-select__option
                                dse-select__option--selected
                                dse-select__option--highlighted
                            "
        role="menuitemradio"
        tabindex="-1"
      >
        <p
          class="dse-text dse-text-base"
        >
          Heavenly Green
        </p>
        <svg
          fill="none"
          height="1rem"
          stroke="currentColor"
          stroke-linecap="round"
          stroke-linejoin="round"
          stroke-width="2"
          viewBox="0 0 24 24"
          width="1rem"
        >
          <path
            d="M5 13l4 4L19 7"
          />
        </svg>
      </li>
      <li
        aria-label="Sweet Pink"
        class="dse-select__option
                                
                                
                            "
        role="menuitemradio"
        tabindex="0"
      >
        <p
          class="dse-text dse-text-base"
        >
          Sweet Pink
        </p>
      </li>
    </ul>
  </div>
</DocumentFragment>
`;
